{"case_id": "a0a3f2yly8-pqq-la_model", "status": "unsupported", "reason": "missing or changed artifact: pmdh_fc_a0a3f2yly8-pqq-la_model_Ca_qm.xyz"}
{"case_id": "a0acd6b9f2-pqq-la_model", "status": "unsupported", "reason": "missing or changed artifact: pmdh_fc_a0acd6b9f2-pqq-la_model_Ca_qm.xyz"}
{"case_id": "c5atj3-pqq-la_model", "status": "unsupported", "reason": "missing or changed artifact: pmdh_fc_c5atj3-pqq-la_model_Ca_qm.xyz"}
{"case_id": "c5axv8-pqq-la_model", "status": "unsupported", "reason": "missing or changed artifact: pmdh_fc_c5axv8-pqq-la_model_Ca_qm.xyz"}
{"case_id": "c5b120-pqq-la_model", "status": "unsupported", "reason": "missing or changed artifact: pmdh_fc_c5b120-pqq-la_model_Ca_qm.xyz"}
{"case_id": "i0jwn7-pqq-la_model", "status": "unsupported", "reason": "missing or changed artifact: pmdh_fc_i0jwn7-pqq-la_model_Ca_qm.xyz"}
{"case_id": "mmol_1770-pqq-la_model", "status": "unsupported", "reason": "missing or changed artifact: pmdh_fc_mmol_1770-pqq-la_model_Ca_qm.xyz"}
{"case_id": "mmol_2048-pqq-la_model", "status": "unsupported", "reason": "missing or changed artifact: pmdh_fc_mmol_2048-pqq-la_model_Ca_qm.xyz"}
{"case_id": "q88jh0-pqq-la_model", "status": "unsupported", "reason": "missing or changed artifact: pmdh_fc_q88jh0-pqq-la_model_Ca_qm.xyz"}
{"case_id": "q89gy2-pqq-la_model", "status": "unsupported", "reason": "missing or changed artifact: pmdh_fc_q89gy2-pqq-la_model_Ca_qm.xyz"}
{"case_id": "q92wy9-pqq-la_model", "status": "unsupported", "reason": "missing or changed artifact: pmdh_fc_q92wy9-pqq-la_model_Ca_qm.xyz"}
{"case_id": "a8r3s4-pqq-la_model", "status": "unsupported", "reason": "missing or changed artifact: pmdh_fc_a8r3s4-pqq-la_model_Ca_qm.xyz"}
{"case_id": "atq70401.1-pqq-la_model", "status": "unsupported", "reason": "missing or changed artifact: pmdh_fc_atq70401.1-pqq-la_model_Ca_qm.xyz"}
{"case_id": "bbl57595.1-pqq-la_model", "status": "unsupported", "reason": "missing or changed artifact: pmdh_fc_bbl57595.1-pqq-la_model_Ca_qm.xyz"}
{"case_id": "o24759-pqq-la_model", "status": "unsupported", "reason": "missing or changed artifact: pmdh_fc_o24759-pqq-la_model_Ca_qm.xyz"}
{"case_id": "p12293-pqq-la_model", "status": "unsupported", "reason": "missing or changed artifact: pmdh_fc_p12293-pqq-la_model_Ca_qm.xyz"}
{"case_id": "p15279-pqq-la_model", "status": "unsupported", "reason": "missing or changed artifact: pmdh_fc_p15279-pqq-la_model_Ca_qm.xyz"}
{"case_id": "p16027-pqq-la_model", "status": "unsupported", "reason": "missing or changed artifact: pmdh_fc_p16027-pqq-la_model_Ca_qm.xyz"}
{"case_id": "p38539-pqq-la_model", "status": "unsupported", "reason": "missing or changed artifact: pmdh_fc_p38539-pqq-la_model_Ca_qm.xyz"}
{"case_id": "q4w6g0-pqq-la_model", "status": "unsupported", "reason": "missing or changed artifact: pmdh_fc_q4w6g0-pqq-la_model_Ca_qm.xyz"}
{"case_id": "q60ar6-pqq-la_model", "status": "unsupported", "reason": "missing or changed artifact: pmdh_fc_q60ar6-pqq-la_model_Ca_qm.xyz"}
{"case_id": "q88jh5-pqq-la_model", "status": "unsupported", "reason": "missing or changed artifact: pmdh_fc_q88jh5-pqq-la_model_Ca_qm.xyz"}
{"case_id": "q8gr64-pqq-la_model", "status": "unsupported", "reason": "missing or changed artifact: pmdh_fc_q8gr64-pqq-la_model_Ca_qm.xyz"}
{"case_id": "q9l935-pqq-la_model", "status": "unsupported", "reason": "missing or changed artifact: pmdh_fc_q9l935-pqq-la_model_Ca_qm.xyz"}
{"case_id": "q9z4j7-pqq-la_model", "status": "unsupported", "reason": "missing or changed artifact: pmdh_fc_q9z4j7-pqq-la_model_Ca_qm.xyz"}
{"case_id": "1H4I", "status": "supported", "reason": null}
{"case_id": "4MAE", "status": "supported", "reason": null}
{"case_id": "1KB0", "status": "supported", "reason": null}
{
  "design": {
    "path": "/groups/banfield/projects/environmental/sr/srvp2020/Jacob/lanthanide_binding/on_density_scanner/alchemical_bvs/workspaces/accommodation_nonlinear_20260920/reference_preparation_v1/design.json",
    "sha256": "a297d4ce32358f76f650aec916208e9d84ae8a74490801322083545bb036151f"
  },
  "denominator": 28,
  "status_counts": {
    "unsupported": 25,
    "supported": 3
  },
  "new_molecular_calls": 0,
  "wall_seconds": 12.254693496972322,
  "implementation": {
    "path": "/groups/banfield/projects/environmental/sr/srvp2020/Jacob/lanthanide_binding/on_density_scanner/alchemical_bvs/diagnostics/accommodation_nonlinear_20260920/prepare_reference_maps.py",
    "sha256": "cb76e91797e9bccb20d767419797c693bd07f3ecf51005ef15618398c9dc44c6"
  }
}
