{"case_id": "a0a3f2yly8-pqq-la_model", "status": "supported", "reason": null}
{"case_id": "a0acd6b9f2-pqq-la_model", "status": "supported", "reason": null}
{"case_id": "c5atj3-pqq-la_model", "status": "supported", "reason": null}
{"case_id": "c5axv8-pqq-la_model", "status": "supported", "reason": null}
{"case_id": "c5b120-pqq-la_model", "status": "supported", "reason": null}
{"case_id": "i0jwn7-pqq-la_model", "status": "supported", "reason": null}
{"case_id": "mmol_1770-pqq-la_model", "status": "supported", "reason": null}
{"case_id": "mmol_2048-pqq-la_model", "status": "supported", "reason": null}
{"case_id": "q88jh0-pqq-la_model", "status": "supported", "reason": null}
{"case_id": "q89gy2-pqq-la_model", "status": "supported", "reason": null}
{"case_id": "q92wy9-pqq-la_model", "status": "supported", "reason": null}
{"case_id": "a8r3s4-pqq-la_model", "status": "supported", "reason": null}
{"case_id": "atq70401.1-pqq-la_model", "status": "supported", "reason": null}
{"case_id": "bbl57595.1-pqq-la_model", "status": "supported", "reason": null}
{"case_id": "o24759-pqq-la_model", "status": "supported", "reason": null}
{"case_id": "p12293-pqq-la_model", "status": "supported", "reason": null}
{"case_id": "p15279-pqq-la_model", "status": "supported", "reason": null}
{"case_id": "p16027-pqq-la_model", "status": "supported", "reason": null}
{"case_id": "p38539-pqq-la_model", "status": "supported", "reason": null}
{"case_id": "q4w6g0-pqq-la_model", "status": "supported", "reason": null}
{"case_id": "q60ar6-pqq-la_model", "status": "supported", "reason": null}
{"case_id": "q88jh5-pqq-la_model", "status": "supported", "reason": null}
{"case_id": "q8gr64-pqq-la_model", "status": "supported", "reason": null}
{"case_id": "q9l935-pqq-la_model", "status": "supported", "reason": null}
{"case_id": "q9z4j7-pqq-la_model", "status": "supported", "reason": null}
{"case_id": "1H4I", "status": "supported", "reason": null}
{"case_id": "4MAE", "status": "supported", "reason": null}
{"case_id": "1KB0", "status": "supported", "reason": null}
{
  "design": {
    "path": "/groups/banfield/projects/environmental/sr/srvp2020/Jacob/lanthanide_binding/on_density_scanner/alchemical_bvs/workspaces/accommodation_nonlinear_20260920/reference_preparation_v1/ready_v2/design.json",
    "sha256": "01d32e146f496c9c5cb0761d75d213d6f3f73d57bee1a88d27940a40f8e17226"
  },
  "denominator": 28,
  "status_counts": {
    "supported": 28
  },
  "new_molecular_calls": 0,
  "wall_seconds": 44.76199291832745,
  "implementation": {
    "path": "/groups/banfield/projects/environmental/sr/srvp2020/Jacob/lanthanide_binding/on_density_scanner/alchemical_bvs/diagnostics/accommodation_nonlinear_20260920/prepare_reference_maps.py",
    "sha256": "9b6b743668a74c823375d3d3f7a586c86b7a896199af624ec3c19c4ba20c5431"
  }
}
