{"status": "validated", "manifest": {"path": "/groups/banfield/projects/environmental/sr/srvp2020/Jacob/lanthanide_binding/on_density_scanner/alchemical_bvs/workspaces/slsqp_precision_transfer_20260923/run_v1/shard_0/proposals/manifest.json", "sha256": "328cced3691bb3b0124fff0e7ab7eb413a36b4fbd149cf4c567170194eb01e8a"}, "shard": 0, "sources": 51, "total_denominator": 225, "new_searches": 102, "cross_MACE_maximum": 102, "GFN2_maximum": 408, "new_q0_calls": 0, "new_DFT_calls": 0}
{"status": "validated", "manifest": {"path": "/groups/banfield/projects/environmental/sr/srvp2020/Jacob/lanthanide_binding/on_density_scanner/alchemical_bvs/workspaces/slsqp_precision_transfer_20260923/run_v1/shard_1/proposals/manifest.json", "sha256": "0b297c53d59239e52b619bb0d15c01fd1beac109a60146725ff26b47e808cfc5"}, "shard": 1, "sources": 51, "total_denominator": 225, "new_searches": 102, "cross_MACE_maximum": 102, "GFN2_maximum": 408, "new_q0_calls": 0, "new_DFT_calls": 0}
{"status": "validated", "manifest": {"path": "/groups/banfield/projects/environmental/sr/srvp2020/Jacob/lanthanide_binding/on_density_scanner/alchemical_bvs/workspaces/slsqp_precision_transfer_20260923/run_v1/shard_2/proposals/manifest.json", "sha256": "fea49d511575e58a8f4cd9a1a6a9f256256314f40c2def914c98501587c85acf"}, "shard": 2, "sources": 50, "total_denominator": 225, "new_searches": 100, "cross_MACE_maximum": 100, "GFN2_maximum": 400, "new_q0_calls": 0, "new_DFT_calls": 0}
{"status": "validated", "manifest": {"path": "/groups/banfield/projects/environmental/sr/srvp2020/Jacob/lanthanide_binding/on_density_scanner/alchemical_bvs/workspaces/slsqp_precision_transfer_20260923/run_v1/shard_3/proposals/manifest.json", "sha256": "d09f8f78651228d2f9622c8761c86f8b7c259bf1fddab7d9dc339fe154570488"}, "shard": 3, "sources": 50, "total_denominator": 225, "new_searches": 100, "cross_MACE_maximum": 100, "GFN2_maximum": 400, "new_q0_calls": 0, "new_DFT_calls": 0}
{
  "selection": {
    "path": "/groups/banfield/projects/environmental/sr/srvp2020/Jacob/lanthanide_binding/on_density_scanner/alchemical_bvs/workspaces/slsqp_precision_transfer_20260923/run_v1/SELECTION.json",
    "sha256": "d09e14401cb53c3eeb122516618d181312cc0a5257e7ed0eae0b1ec55cf862f0"
  },
  "shards": [
    {
      "path": "/groups/banfield/projects/environmental/sr/srvp2020/Jacob/lanthanide_binding/on_density_scanner/alchemical_bvs/workspaces/slsqp_precision_transfer_20260923/run_v1/shard_0/proposals/manifest.json",
      "sha256": "328cced3691bb3b0124fff0e7ab7eb413a36b4fbd149cf4c567170194eb01e8a"
    },
    {
      "path": "/groups/banfield/projects/environmental/sr/srvp2020/Jacob/lanthanide_binding/on_density_scanner/alchemical_bvs/workspaces/slsqp_precision_transfer_20260923/run_v1/shard_1/proposals/manifest.json",
      "sha256": "0b297c53d59239e52b619bb0d15c01fd1beac109a60146725ff26b47e808cfc5"
    },
    {
      "path": "/groups/banfield/projects/environmental/sr/srvp2020/Jacob/lanthanide_binding/on_density_scanner/alchemical_bvs/workspaces/slsqp_precision_transfer_20260923/run_v1/shard_2/proposals/manifest.json",
      "sha256": "fea49d511575e58a8f4cd9a1a6a9f256256314f40c2def914c98501587c85acf"
    },
    {
      "path": "/groups/banfield/projects/environmental/sr/srvp2020/Jacob/lanthanide_binding/on_density_scanner/alchemical_bvs/workspaces/slsqp_precision_transfer_20260923/run_v1/shard_3/proposals/manifest.json",
      "sha256": "d09f8f78651228d2f9622c8761c86f8b7c259bf1fddab7d9dc339fe154570488"
    }
  ],
  "sources_per_shard": [
    51,
    51,
    50,
    50
  ],
  "new_searches": 404,
  "GFN2_maximum": 1616,
  "new_molecular_calls": 0
}
