{
  "status": "PASS",
  "verified_tasks": 12
}
mxaf_qm33_La: complete
c5_monomer_qm33_Ca: complete
c5_dimer_qm33_Ca: complete
mxaf_qm33_Ca: complete
mxaf_qm36_Ca: complete
c5_monomer_qm36_Ca: complete
c5_dimer_qm36_Ca: complete
c5_dimer_qm33_La: complete
c5_monomer_qm36_La: complete
c5_dimer_qm36_La: complete
mxaf_qm36_La: complete
c5_monomer_qm33_La: complete
completed/resumed 12 manifested ORCA tasks
{
  "status": "PASS",
  "verified_tasks": 12
}
{
  "answer": "NO",
  "primary_map_answer": "NO",
  "R_PC_MxaF": -67.98405525568178,
  "D_PC_monomer": 4.870034365418611,
  "D_PC_dimer": 4.4466125241031165,
  "sensitivity_triggered": false
}
