{
  "status": "validated",
  "manifest": {
    "path": "/groups/banfield/projects/environmental/sr/srvp2020/Jacob/lanthanide_binding/on_density_scanner/alchemical_bvs/workspaces/accommodation_torsion_20260920/prepared_v2/manifest.json",
    "sha256": "dec30d6b4a229fd66f8dacea98cb8a60a10ea196672eba71b7d05a4cfb59139b"
  },
  "points": 64,
  "unsupported_geometry": 0,
  "low": {
    "status": "dry_run_pass",
    "tasks": 128,
    "historical_budget": null,
    "budget_enforced": false,
    "manifest": {
      "path": "/groups/banfield/projects/environmental/sr/srvp2020/Jacob/lanthanide_binding/on_density_scanner/alchemical_bvs/workspaces/accommodation_torsion_20260920/prepared_v2/low/manifest.json",
      "sha256": "93cae296f0ff15985cc8fe751bfffbb1eb97a41897b8869fe179eea76328229d"
    }
  },
  "dft": {
    "status": "dry_run_pass",
    "tasks": 16,
    "historical_budget": null,
    "budget_enforced": false,
    "manifest": {
      "path": "/groups/banfield/projects/environmental/sr/srvp2020/Jacob/lanthanide_binding/on_density_scanner/alchemical_bvs/workspaces/accommodation_torsion_20260920/prepared_v2/dft/manifest.json",
      "sha256": "e5f615240d4421433abedae5683d6d3988bb7466467590bae3444cedf31973b4"
    }
  }
}
