{
  "status": "validated",
  "manifest": {
    "path": "/groups/banfield/projects/environmental/sr/srvp2020/Jacob/lanthanide_binding/on_density_scanner/alchemical_bvs/workspaces/accommodation_torsion_20260920/prepared_v3/manifest.json",
    "sha256": "3a8d8198f199a28ea0cdd3e172878139df5f6dd64ff08bee82d6c22b778984dc"
  },
  "points": 64,
  "unsupported_geometry": 0,
  "low": {
    "status": "dry_run_pass",
    "tasks": 128,
    "historical_budget": null,
    "budget_enforced": false,
    "manifest": {
      "path": "/groups/banfield/projects/environmental/sr/srvp2020/Jacob/lanthanide_binding/on_density_scanner/alchemical_bvs/workspaces/accommodation_torsion_20260920/prepared_v3/low/manifest.json",
      "sha256": "a0c04afe88de257030bdd981980973d9b5db9491a9ccceeaf45110417e5a4515"
    }
  },
  "dft": {
    "status": "dry_run_pass",
    "tasks": 16,
    "historical_budget": null,
    "budget_enforced": false,
    "manifest": {
      "path": "/groups/banfield/projects/environmental/sr/srvp2020/Jacob/lanthanide_binding/on_density_scanner/alchemical_bvs/workspaces/accommodation_torsion_20260920/prepared_v3/dft/manifest.json",
      "sha256": "038e0775e22568c1af21224b94232f7eee7117a0681ff973e694c7492a7935bf"
    }
  }
}
