{
  "protocol_id": "geometry_selected_reference_extraAsp_grid_v1",
  "manifest": {
    "path": "/groups/banfield/projects/environmental/sr/srvp2020/Jacob/lanthanide_binding/on_density_scanner/alchemical_bvs/workspaces/accommodation_reference_profile_20260920/prepared_v1/manifest.json",
    "sha256": "527e620426da4167202a88a8842231ae86f2527993be0854663bc9abd99dd189"
  },
  "MACE_result": {
    "path": "/groups/banfield/projects/environmental/sr/srvp2020/Jacob/lanthanide_binding/on_density_scanner/alchemical_bvs/workspaces/accommodation_reference_profile_20260920/prepared_v1/mace_1203879/result.json",
    "sha256": "d48f4abab2785788568c50fede8fdcde3c7865f739ba0d9672eec4a6dddc276a"
  },
  "low_collection": {
    "path": "/groups/banfield/projects/environmental/sr/srvp2020/Jacob/lanthanide_binding/on_density_scanner/alchemical_bvs/workspaces/accommodation_reference_profile_20260920/prepared_v1/low/collection_1203880.json",
    "sha256": "b0a3d0a7d5c1e1130ba1f328bedd252266b7b2e884e3b6ae5f171a6e544c572e"
  },
  "analyzer": {
    "path": "/groups/banfield/projects/environmental/sr/srvp2020/Jacob/lanthanide_binding/on_density_scanner/alchemical_bvs/workspaces/accommodation_reference_profile_20260920/prepared_v1/implementation/accommodation_reference_profile.py",
    "sha256": "9992b1e3c16a39a853f943fd07d1590913dc0a0853a1f649983b14d1abbc2b81"
  },
  "models": {
    "native": {
      "status": "available",
      "R_grid_kcal_mol": -405345.8686619997,
      "free_energy": null,
      "old_band_transfer_only": true,
      "R_center_kcal_mol": -405352.15387651743,
      "delta_R_grid_kcal_mol": 6.2852145177312195,
      "selected_angles": {
        "Ca": -0.2,
        "La": -0.2
      },
      "endpoint_lowering_kcal_mol": {
        "Ca": -1.0336180576123297,
        "La": -7.318832575343549
      },
      "fixed_displacements": [
        {
          "angle_radian": -0.2,
          "R_kcal_mol": -405345.8686619997,
          "delta_R_from_center_kcal_mol": 6.2852145177312195,
          "endpoint_work_kcal_mol": {
            "Ca": -1.0336180576123297,
            "La": -7.318832575343549
          },
          "old_band_transfer_call": "indeterminate"
        },
        {
          "angle_radian": 0.0,
          "R_kcal_mol": -405352.15387651743,
          "delta_R_from_center_kcal_mol": 0.0,
          "endpoint_work_kcal_mol": {
            "Ca": 0.0,
            "La": 0.0
          },
          "old_band_transfer_call": "Ca"
        },
        {
          "angle_radian": 0.2,
          "R_kcal_mol": -405358.67069975147,
          "delta_R_from_center_kcal_mol": -6.516823234036565,
          "endpoint_work_kcal_mol": {
            "Ca": 2.055636025033891,
            "La": 8.572459259070456
          },
          "old_band_transfer_call": "Ca"
        }
      ],
      "old_band_transfer_center": "Ca",
      "old_band_transfer_grid": "indeterminate"
    },
    "composite": {
      "status": "available",
      "R_grid_kcal_mol": -405449.8101404412,
      "free_energy": null,
      "old_band_transfer_only": true,
      "R_center_kcal_mol": -405455.61318259453,
      "delta_R_grid_kcal_mol": 5.803042153362185,
      "selected_angles": {
        "Ca": -0.2,
        "La": -0.2
      },
      "endpoint_lowering_kcal_mol": {
        "Ca": -1.7149497349746525,
        "La": -7.517991888336837
      },
      "fixed_displacements": [
        {
          "angle_radian": -0.2,
          "R_kcal_mol": -405449.8101404412,
          "delta_R_from_center_kcal_mol": 5.803042153362185,
          "endpoint_work_kcal_mol": {
            "Ca": -1.7149497349746525,
            "La": -7.517991888336837
          },
          "old_band_transfer_call": "La"
        },
        {
          "angle_radian": 0.0,
          "R_kcal_mol": -405455.61318259453,
          "delta_R_from_center_kcal_mol": 0.0,
          "endpoint_work_kcal_mol": {
            "Ca": 0.0,
            "La": 0.0
          },
          "old_band_transfer_call": "La"
        },
        {
          "angle_radian": 0.2,
          "R_kcal_mol": -405461.72043782845,
          "delta_R_from_center_kcal_mol": -6.107255233917385,
          "endpoint_work_kcal_mol": {
            "Ca": 3.0922577208839357,
            "La": 9.199512954801321
          },
          "old_band_transfer_call": "indeterminate"
        }
      ],
      "old_band_transfer_center": "La",
      "old_band_transfer_grid": "La"
    }
  },
  "expected_class": "La",
  "source_conditioning_metal": "Ca",
  "frozen_bands": {
    "composite": {
      "Ca_max": -405464.18774828,
      "La_min": -405459.1113819997
    },
    "native": {
      "Ca_max": -405347.73205159395,
      "La_min": -405345.416592485
    }
  },
  "all_evidence_consumed": true,
  "threshold_refitted": false,
  "new_DFT_calls": 0,
  "baseline_changed": false
}
