{
  "source_inventory": {
    "path": "/groups/banfield/projects/environmental/sr/srvp2020/Jacob/lanthanide_binding/on_density_scanner/alchemical_bvs/workspaces/spicy_lams_inventory_20260923/inventory_v2/SUMMARY.json",
    "sha256": "76cc2bc62ef70820c5f740ecea3d0166c4033bf1aad8458c56e35150aa29a29d",
    "bytes": 4552
  },
  "structure_coverage": {
    "path": "/groups/banfield/projects/environmental/sr/srvp2020/Jacob/lanthanide_binding/on_density_scanner/alchemical_bvs/workspaces/spicy_lams_inventory_20260923/delivery_v1/STRUCTURE_COVERAGE.tsv",
    "sha256": "d6ad1d70d234344dc2cf96ac2035e4a2663d9dc30a5ee910e59041ec60ba77c8",
    "bytes": 99022
  },
  "resource_summary": {
    "path": "/groups/banfield/projects/environmental/sr/srvp2020/Jacob/lanthanide_binding/on_density_scanner/alchemical_bvs/workspaces/spicy_lams_inventory_20260923/delivery_v1/GLOBAL_AND_LOCAL_RESOURCES.tsv",
    "sha256": "b9890e3fc7bbc83b3f27e95fa41458493558ad149b6ebe05f26656d72af22a40",
    "bytes": 4637
  },
  "additional_resource_files": {
    "path": "/groups/banfield/projects/environmental/sr/srvp2020/Jacob/lanthanide_binding/on_density_scanner/alchemical_bvs/workspaces/spicy_lams_inventory_20260923/delivery_v1/ADDITIONAL_REPRESENTATION_FILES.tsv",
    "sha256": "eec27cd04f293e4b8d3281c0bf58f57fc8b66e1151a1c50a50d13390b0667d9f",
    "bytes": 237754
  },
  "GTDB_counts": {
    "path": "/groups/banfield/projects/environmental/sr/srvp2020/Jacob/lanthanide_binding/on_density_scanner/alchemical_bvs/workspaces/spicy_lams_inventory_20260923/delivery_v1/GTDB_FILESYSTEM_COUNTS.json",
    "sha256": "24d6fe2093cc789f19d995775ee8349f89af65796b984516fba403d75570d914",
    "bytes": 402
  },
  "exact_mature_structure_accessions": 18,
  "related_construct_only_accessions": 1,
  "no_structure_located_accessions": 597,
  "additional_representation_counts": {
    "Hans_Amber": {
      ".pdb": 60,
      ".prmtop": 52,
      ".xml": 20,
      ".dcd": 20
    },
    "Hans_Mex_MACE_local": {
      ".xyz": 162,
      ".pdb": 5
    },
    "Hans_QMMM": {
      ".prmtop": 200,
      ".xyz": 191,
      ".pdb": 2,
      ".dcd": 32,
      ".xml": 16
    },
    "Hans_outer_water": {
      ".xml": 4,
      ".dcd": 4
    }
  },
  "workbook_ID6_min_max": [
    0,
    621
  ],
  "absent_ID6_values_within_0_621": [
    371,
    425,
    432,
    544,
    595,
    620
  ],
  "outcomes_read": false,
  "new_molecular_calls": 0,
  "new_jobs": 0,
  "originals_modified": false
}
