{
  "workbook": {
    "path": "/groups/banfield/projects/environmental/sr/srvp2020/Jacob/spicy_lams/41589_2026_2176_MOESM3_ESM.xlsx",
    "sha256": "391933234dcf5d3862de958da88afd46fe0f6a8bcb8e3fb1a22640bf976a99f1",
    "bytes": 594713
  },
  "allowed_ranges": [
    "Data!A:S",
    "Data!BM:BS"
  ],
  "forbidden_ranges_not_read": [
    "Data!T:BL",
    "Data!BT:CW",
    "Data!CX:CZ"
  ],
  "selection": {
    "path": "/groups/banfield/projects/environmental/sr/srvp2020/Jacob/lanthanide_binding/on_density_scanner/alchemical_bvs/spicy_lams_matched_homolog/selection_manifest.json",
    "sha256": "e0ba5522f724e1cb4522cdebb1af40117f7f3f6aa71266411d0e407087876228",
    "bytes": 24618
  },
  "prediction_manifest": {
    "path": "/groups/banfield/projects/environmental/sr/srvp2020/Jacob/lanthanide_binding/on_density_scanner/alchemical_bvs/spicy_lams_matched_homolog/af2_prediction_manifest.json",
    "sha256": "33c45b63a4cf5fefa5241995e85f6eaa9216a9342814d8e7341260828435bb24",
    "bytes": 88815
  },
  "workbook_ortholog_rows": 616,
  "unique_accessions": 616,
  "unique_mature_sequences": 616,
  "mature_length_range": [
    81,
    137
  ],
  "ef_hand_annotation_counts": {
    "3": 92,
    "4": 524
  },
  "reserved_proteins": 16,
  "reserved_full_chain_model_count": 32,
  "reserved_all_completed": true,
  "reserved_model_hetero_inventory": {
    "()": 32
  },
  "assembly_mapped_rows": 595,
  "unique_associated_assemblies": 375,
  "located_genome_rows": 595,
  "located_proteome_rows": 595,
  "stale_original_proteome_paths": 595,
  "project_category_counts": {
    "41589_2026_2176_MOESM3_ESM.xlsx": 1,
    "SHARUR_BRIEFING.md": 1,
    "all_genomes_taxonomy.tsv": 1,
    "annotations": 375,
    "download_gtdb_core_families.log": 1,
    "download_gtdb_core_families.py": 1,
    "download_gtdb_core_families_retry.log": 1,
    "download_gtdb_core_families_retry2.log": 1,
    "download_lanm_genomes.log": 1,
    "download_lanm_genomes.py": 1,
    "genomes": 375,
    "gtdb_core_families": 5532,
    "metadata": 4,
    "proteomes": 375,
    "recover_unmapped.log": 1,
    "recover_unmapped.py": 1
  },
  "representation_counts": {
    "LanM_benchmark": 80,
    "LanM_FEP": 1078,
    "Hans_Protenix": 35,
    "LanM_MACE_series": 5,
    "reserved_AF2": 54
  },
  "new_molecular_calls": 0,
  "outcomes_read": false,
  "source_files_modified": false,
  "limitations": "filename inventory is bounded to declared roots; absence elsewhere is not proven; no new site or MD analysis"
}
